// Jest Snapshot v1, https://goo.gl/fbAQLP

exports[`earlyBirdReviewPage should render expected components 1`] = `
<div>
  <div
    class="early-bird-review"
  >
    <div>
      <div
        class="page-header"
        id=""
      >
        EARLY_BIRD_PURCHASE_TITLE
      </div>
      <div />
    </div>
    <div
      class="early-bird-confirmation--pricing-banner flex flex-main-between"
    >
      <div
        class="early-bird-confirmation--pricing-context"
      >
        <p>
          EarlyBird Check-In
          <sup>
            ®
          </sup>
          <br />
          Pricing
        </p>
      </div>
      <i
        class="icon icon_early-bird"
        color="white"
      />
    </div>
    <form
      class="form"
      name="earlyBirdReviewForm"
      novalidate=""
    >
      <fieldset>
        <div
          class="early-bird-review--trip-detail"
        >
          <div
            class="early-bird-review--trip-title"
          >
            EARLY_BIRD_YOUR_TRIP_TITLE
          </div>
          <div
            class="early-bird-review--trip-body"
          >
            <div
              class="early-bird-review--trip-card-detail"
            >
              <div
                class="flight-brief-summary bgwhite bdb p5"
              >
                <div
                  class="flex xlarge pdkblue bold"
                >
                  <div
                    class="flex4"
                  >
                    Jun 8
                  </div>
                  <div
                    class="flex2"
                  >
                    AUS
                  </div>
                  <div
                    class="flex2 flight-brief-summary--airplane center"
                  >
                    <i
                      class="mt3 icon icon_airplane"
                    />
                  </div>
                  <div
                    class="flex2"
                  >
                    ALB
                  </div>
                </div>
                <div
                  class="flex large gray4"
                >
                  <div
                    class="flex4"
                  >
                    Friday
                  </div>
                  <div
                    class="flex2 flight-time"
                  >
                    <div
                      class="flight-time--time"
                    >
                      <span>
                        5:30
                      </span>
                      <span
                        class="time-period"
                      >
                        AM
                      </span>
                    </div>
                  </div>
                  <div
                    class="flex2"
                  />
                  <div
                    class="flight-brief-summary--summary-group"
                  >
                    <div
                      class="flex2 flight-time"
                    >
                      <div
                        class="flight-time--time"
                      >
                        <span>
                          1:35
                        </span>
                        <span
                          class="time-period"
                        >
                          PM
                        </span>
                      </div>
                    </div>
                  </div>
                </div>
              </div>
              <div
                class="early-bird-review--trip-passenger"
              >
                <span
                  class="early-bird-review--trip-passenger-name"
                >
                  PAUL LIU
                </span>
                <div
                  class="currency flex3 align-right bold xlarge"
                >
                  <span
                    class="money-sign"
                  >
                    $
                  </span>
                  <span
                    data-qa="total-amount"
                  >
                    15.00
                  </span>
                </div>
              </div>
              <div
                class="early-bird-review--trip-passenger"
              >
                <span
                  class="early-bird-review--trip-passenger-name"
                >
                  HARRY POTTER
                </span>
                <div
                  class="currency flex3 align-right bold xlarge"
                >
                  <span
                    class="money-sign"
                  >
                    $
                  </span>
                  <span
                    data-qa="total-amount"
                  >
                    15.00
                  </span>
                </div>
              </div>
            </div>
            <div
              class="early-bird-review--trip-card-detail"
            >
              <div
                class="flight-brief-summary bgwhite bdb p5"
              >
                <div
                  class="flex xlarge pdkblue bold"
                >
                  <div
                    class="flex4"
                  >
                    Jun 17
                  </div>
                  <div
                    class="flex2"
                  >
                    ALB
                  </div>
                  <div
                    class="flex2 flight-brief-summary--airplane center"
                  >
                    <i
                      class="mt3 icon icon_airplane"
                    />
                  </div>
                  <div
                    class="flex2"
                  >
                    AUS
                  </div>
                </div>
                <div
                  class="flex large gray4"
                >
                  <div
                    class="flex4"
                  >
                    Sunday
                  </div>
                  <div
                    class="flex2 flight-time"
                  >
                    <div
                      class="flight-time--time"
                    >
                      <span>
                        6:15
                      </span>
                      <span
                        class="time-period"
                      >
                        AM
                      </span>
                    </div>
                  </div>
                  <div
                    class="flex2"
                  />
                  <div
                    class="flight-brief-summary--summary-group"
                  >
                    <div
                      class="flex2 flight-time"
                    >
                      <div
                        class="flight-time--time"
                      >
                        <span>
                          4:00
                        </span>
                        <span
                          class="time-period"
                        >
                          PM
                        </span>
                      </div>
                    </div>
                  </div>
                </div>
              </div>
              <div
                class="early-bird-review--trip-passenger"
              >
                <span
                  class="early-bird-review--trip-passenger-name"
                >
                  PAUL LIU
                </span>
                <div
                  class="currency flex3 align-right bold xlarge"
                >
                  <span
                    class="money-sign"
                  >
                    $
                  </span>
                  <span
                    data-qa="total-amount"
                  >
                    15.00
                  </span>
                </div>
              </div>
              <div
                class="early-bird-review--trip-passenger"
              >
                <span
                  class="early-bird-review--trip-passenger-name"
                >
                  HARRY POTTER
                </span>
                <div
                  class="currency flex3 align-right bold xlarge"
                >
                  <span
                    class="money-sign"
                  >
                    $
                  </span>
                  <span
                    data-qa="total-amount"
                  >
                    15.00
                  </span>
                </div>
              </div>
            </div>
            <div
              class="early-bird-review--trip-money-info"
            >
              <span
                class="early-bird-review--trip-money-info-total"
              >
                EARLY_BIRD_PURCHASE_PRICE_TOTAL
              </span>
              <span
                class="xlarge bold"
              >
                <div
                  class="currency"
                >
                  <span
                    class="money-sign"
                  >
                    $
                  </span>
                  <span
                    data-qa="total-amount"
                  >
                    60.00
                  </span>
                </div>
              </span>
            </div>
          </div>
        </div>
        <div
          class="mt5 mb6"
          data-qa="early-bird-review--payment-method"
        >
          <div
            class="ml0 mt4"
          >
            <div>
              <p
                class="gray4 large px5"
              >
                EARLY_BIRD_PURCHASE_PAYMENT
              </p>
              <div
                class="field"
              >
                <div
                  class="payment-nav-item-field"
                  data-qa="review-form--payment-method-nav-item"
                >
                  <a
                    class="nav-item-link no-padding"
                  >
                    <div
                      class="primary-saved-credit-cards"
                      data-qa="review-form--payment-card"
                    >
                      <div
                        class="credit-card-radio-input credit-card-radio-input_selected"
                      >
                        <label
                          class="credit-card-radio-input--label"
                        >
                          <div
                            class="credit-card-radio-input--container"
                          >
                            <div
                              class="credit-card--image_visa credit-card--image left mr2"
                            />
                            <div
                              class="credit-card-radio-input--text"
                            >
                              <p
                                class="pdkblue larger"
                              >
                                Visa
                              </p>
                              <div
                                class="flex gray5 additional-info-container"
                              >
                                <div
                                  class="mr1"
                                >
                                  AIR_BOOKING__SUMMARY_PAYMENT__SHORT_CARD_NUMBER_MESSAGE
                                </div>
                                <div
                                  class="bold"
                                >
                                  9999
                                </div>
                              </div>
                            </div>
                          </div>
                        </label>
                      </div>
                    </div>
                    <i
                      class="nav-item-link--icon icon icon_keyboard-arrow-right"
                    />
                  </a>
                </div>
              </div>
            </div>
          </div>
        </div>
        <div
          class="early-bird-price-footer"
        >
          <div
            class="early-bird-price-footer--price-total"
          >
            <div
              class="price-line"
            >
              <span
                class="price-line--title"
              >
                EARLY_BIRD_PRICE_AMOUNT_TITLE
              </span>
              <div
                class="price-amount"
              >
                <div
                  class="price-line--currency_total-per-section"
                >
                  <div
                    class="currency"
                  >
                    <span
                      class="money-sign"
                    >
                      $
                    </span>
                    <span
                      data-qa="total-amount"
                    >
                      60.00
                    </span>
                  </div>
                </div>
              </div>
            </div>
          </div>
          <div
            class="early-bird-price-footer--nav"
          >
            <button
              class="continue button button--fluid larger button--yellow"
              type="submit"
            >
              Purchase
            </button>
          </div>
        </div>
      </fieldset>
    </form>
    <div
      class="review-footer"
    >
      <ul
        class="review-footer--links"
      >
        <li>
          <a
            href="/terms-and-conditions?clk=GNAVTC"
            target="_blank"
          >
            SHARED__REVIEW_FOOTER_TERMS_AND_CONDITIONS_LINK
          </a>
          <a
            href="/privacy-policy?clk=GNAVPRIVACY"
            target="_blank"
          >
            SHARED__REVIEW_FOOTER_PRIVACY_POLICY_LINK
          </a>
        </li>
        <li>
          <a
            href="/page/contract-of-carriage"
            target="_blank"
          >
            SHARED__REVIEW_FOOTER_CONTRACT_OF_CARRIAGE_LINK
          </a>
        </li>
      </ul>
    </div>
  </div>
</div>
`;
